// Jest Snapshot v1, https://goo.gl/fbAQLP

exports[`expect to render Header component 1`] = `
ShallowWrapper {
  Symbol(enzyme.__root__): [Circular],
  Symbol(enzyme.__unrendered__): <Header />,
  Symbol(enzyme.__renderer__): Object {
    "batchedUpdates": [Function],
    "getNode": [Function],
    "render": [Function],
    "simulateError": [Function],
    "simulateEvent": [Function],
    "unmount": [Function],
  },
  Symbol(enzyme.__node__): Object {
    "instance": null,
    "key": undefined,
    "nodeType": "host",
    "props": Object {
      "children": <nav
        className="navbar navbar-expand-md navbar-light fixed-top"
        id="header"
      >
        <Link
          duration={800}
          offset={-131}
          smooth={true}
          to="top"
        >
          <img
            alt="logo"
            className="logo-active"
            height="50"
            src="logo1.png"
          />
        </Link>
        <button
          aria-controls="navbarNavAltMarkup"
          aria-expanded="false"
          aria-label="Toggle navigation"
          className="navbar-toggler"
          data-target="#navbarNavAltMarkup"
          data-toggle="collapse"
          type="button"
        >
          <div
            className="toggle-button-line"
          />
          <div
            className="toggle-button-line"
          />
          <div
            className="toggle-button-line"
          />
        </button>
        <div
          className="collapse navbar-collapse"
          id="navbarNavAltMarkup"
        >
          <div
            className="navbar-nav nav-buttons"
          >
            <Link
              activeClass="active"
              className="button-primary"
              duration={800}
              offset={0}
              smooth={true}
              spy={true}
              to="newsletter"
            >
              Newsletter
            </Link>
            <Link
              activeClass="active"
              className="button-primary"
              duration={800}
              offset={0}
              smooth={true}
              spy={true}
              to="data"
            >
              Data
            </Link>
          </div>
        </div>
      </nav>,
    },
    "ref": null,
    "rendered": Object {
      "instance": null,
      "key": undefined,
      "nodeType": "host",
      "props": Object {
        "children": Array [
          <Link
            duration={800}
            offset={-131}
            smooth={true}
            to="top"
          >
            <img
              alt="logo"
              className="logo-active"
              height="50"
              src="logo1.png"
            />
          </Link>,
          <button
            aria-controls="navbarNavAltMarkup"
            aria-expanded="false"
            aria-label="Toggle navigation"
            className="navbar-toggler"
            data-target="#navbarNavAltMarkup"
            data-toggle="collapse"
            type="button"
          >
            <div
              className="toggle-button-line"
            />
            <div
              className="toggle-button-line"
            />
            <div
              className="toggle-button-line"
            />
          </button>,
          <div
            className="collapse navbar-collapse"
            id="navbarNavAltMarkup"
          >
            <div
              className="navbar-nav nav-buttons"
            >
              <Link
                activeClass="active"
                className="button-primary"
                duration={800}
                offset={0}
                smooth={true}
                spy={true}
                to="newsletter"
              >
                Newsletter
              </Link>
              <Link
                activeClass="active"
                className="button-primary"
                duration={800}
                offset={0}
                smooth={true}
                spy={true}
                to="data"
              >
                Data
              </Link>
            </div>
          </div>,
        ],
        "className": "navbar navbar-expand-md navbar-light fixed-top",
        "id": "header",
      },
      "ref": null,
      "rendered": Array [
        Object {
          "instance": null,
          "key": undefined,
          "nodeType": "class",
          "props": Object {
            "children": <img
              alt="logo"
              className="logo-active"
              height="50"
              src="logo1.png"
            />,
            "duration": 800,
            "offset": -131,
            "smooth": true,
            "to": "top",
          },
          "ref": null,
          "rendered": Object {
            "instance": null,
            "key": undefined,
            "nodeType": "host",
            "props": Object {
              "alt": "logo",
              "className": "logo-active",
              "height": "50",
              "src": "logo1.png",
            },
            "ref": null,
            "rendered": null,
            "type": "img",
          },
          "type": [Function],
        },
        Object {
          "instance": null,
          "key": undefined,
          "nodeType": "host",
          "props": Object {
            "aria-controls": "navbarNavAltMarkup",
            "aria-expanded": "false",
            "aria-label": "Toggle navigation",
            "children": Array [
              <div
                className="toggle-button-line"
              />,
              <div
                className="toggle-button-line"
              />,
              <div
                className="toggle-button-line"
              />,
            ],
            "className": "navbar-toggler",
            "data-target": "#navbarNavAltMarkup",
            "data-toggle": "collapse",
            "type": "button",
          },
          "ref": null,
          "rendered": Array [
            Object {
              "instance": null,
              "key": undefined,
              "nodeType": "host",
              "props": Object {
                "className": "toggle-button-line",
              },
              "ref": null,
              "rendered": null,
              "type": "div",
            },
            Object {
              "instance": null,
              "key": undefined,
              "nodeType": "host",
              "props": Object {
                "className": "toggle-button-line",
              },
              "ref": null,
              "rendered": null,
              "type": "div",
            },
            Object {
              "instance": null,
              "key": undefined,
              "nodeType": "host",
              "props": Object {
                "className": "toggle-button-line",
              },
              "ref": null,
              "rendered": null,
              "type": "div",
            },
          ],
          "type": "button",
        },
        Object {
          "instance": null,
          "key": undefined,
          "nodeType": "host",
          "props": Object {
            "children": <div
              className="navbar-nav nav-buttons"
            >
              <Link
                activeClass="active"
                className="button-primary"
                duration={800}
                offset={0}
                smooth={true}
                spy={true}
                to="newsletter"
              >
                Newsletter
              </Link>
              <Link
                activeClass="active"
                className="button-primary"
                duration={800}
                offset={0}
                smooth={true}
                spy={true}
                to="data"
              >
                Data
              </Link>
            </div>,
            "className": "collapse navbar-collapse",
            "id": "navbarNavAltMarkup",
          },
          "ref": null,
          "rendered": Object {
            "instance": null,
            "key": undefined,
            "nodeType": "host",
            "props": Object {
              "children": Array [
                <Link
                  activeClass="active"
                  className="button-primary"
                  duration={800}
                  offset={0}
                  smooth={true}
                  spy={true}
                  to="newsletter"
                >
                  Newsletter
                </Link>,
                <Link
                  activeClass="active"
                  className="button-primary"
                  duration={800}
                  offset={0}
                  smooth={true}
                  spy={true}
                  to="data"
                >
                  Data
                </Link>,
              ],
              "className": "navbar-nav nav-buttons",
            },
            "ref": null,
            "rendered": Array [
              Object {
                "instance": null,
                "key": undefined,
                "nodeType": "class",
                "props": Object {
                  "activeClass": "active",
                  "children": "Newsletter",
                  "className": "button-primary",
                  "duration": 800,
                  "offset": 0,
                  "smooth": true,
                  "spy": true,
                  "to": "newsletter",
                },
                "ref": null,
                "rendered": "Newsletter",
                "type": [Function],
              },
              Object {
                "instance": null,
                "key": undefined,
                "nodeType": "class",
                "props": Object {
                  "activeClass": "active",
                  "children": "Data",
                  "className": "button-primary",
                  "duration": 800,
                  "offset": 0,
                  "smooth": true,
                  "spy": true,
                  "to": "data",
                },
                "ref": null,
                "rendered": "Data",
                "type": [Function],
              },
            ],
            "type": "div",
          },
          "type": "div",
        },
      ],
      "type": "nav",
    },
    "type": "section",
  },
  Symbol(enzyme.__nodes__): Array [
    Object {
      "instance": null,
      "key": undefined,
      "nodeType": "host",
      "props": Object {
        "children": <nav
          className="navbar navbar-expand-md navbar-light fixed-top"
          id="header"
        >
          <Link
            duration={800}
            offset={-131}
            smooth={true}
            to="top"
          >
            <img
              alt="logo"
              className="logo-active"
              height="50"
              src="logo1.png"
            />
          </Link>
          <button
            aria-controls="navbarNavAltMarkup"
            aria-expanded="false"
            aria-label="Toggle navigation"
            className="navbar-toggler"
            data-target="#navbarNavAltMarkup"
            data-toggle="collapse"
            type="button"
          >
            <div
              className="toggle-button-line"
            />
            <div
              className="toggle-button-line"
            />
            <div
              className="toggle-button-line"
            />
          </button>
          <div
            className="collapse navbar-collapse"
            id="navbarNavAltMarkup"
          >
            <div
              className="navbar-nav nav-buttons"
            >
              <Link
                activeClass="active"
                className="button-primary"
                duration={800}
                offset={0}
                smooth={true}
                spy={true}
                to="newsletter"
              >
                Newsletter
              </Link>
              <Link
                activeClass="active"
                className="button-primary"
                duration={800}
                offset={0}
                smooth={true}
                spy={true}
                to="data"
              >
                Data
              </Link>
            </div>
          </div>
        </nav>,
      },
      "ref": null,
      "rendered": Object {
        "instance": null,
        "key": undefined,
        "nodeType": "host",
        "props": Object {
          "children": Array [
            <Link
              duration={800}
              offset={-131}
              smooth={true}
              to="top"
            >
              <img
                alt="logo"
                className="logo-active"
                height="50"
                src="logo1.png"
              />
            </Link>,
            <button
              aria-controls="navbarNavAltMarkup"
              aria-expanded="false"
              aria-label="Toggle navigation"
              className="navbar-toggler"
              data-target="#navbarNavAltMarkup"
              data-toggle="collapse"
              type="button"
            >
              <div
                className="toggle-button-line"
              />
              <div
                className="toggle-button-line"
              />
              <div
                className="toggle-button-line"
              />
            </button>,
            <div
              className="collapse navbar-collapse"
              id="navbarNavAltMarkup"
            >
              <div
                className="navbar-nav nav-buttons"
              >
                <Link
                  activeClass="active"
                  className="button-primary"
                  duration={800}
                  offset={0}
                  smooth={true}
                  spy={true}
                  to="newsletter"
                >
                  Newsletter
                </Link>
                <Link
                  activeClass="active"
                  className="button-primary"
                  duration={800}
                  offset={0}
                  smooth={true}
                  spy={true}
                  to="data"
                >
                  Data
                </Link>
              </div>
            </div>,
          ],
          "className": "navbar navbar-expand-md navbar-light fixed-top",
          "id": "header",
        },
        "ref": null,
        "rendered": Array [
          Object {
            "instance": null,
            "key": undefined,
            "nodeType": "class",
            "props": Object {
              "children": <img
                alt="logo"
                className="logo-active"
                height="50"
                src="logo1.png"
              />,
              "duration": 800,
              "offset": -131,
              "smooth": true,
              "to": "top",
            },
            "ref": null,
            "rendered": Object {
              "instance": null,
              "key": undefined,
              "nodeType": "host",
              "props": Object {
                "alt": "logo",
                "className": "logo-active",
                "height": "50",
                "src": "logo1.png",
              },
              "ref": null,
              "rendered": null,
              "type": "img",
            },
            "type": [Function],
          },
          Object {
            "instance": null,
            "key": undefined,
            "nodeType": "host",
            "props": Object {
              "aria-controls": "navbarNavAltMarkup",
              "aria-expanded": "false",
              "aria-label": "Toggle navigation",
              "children": Array [
                <div
                  className="toggle-button-line"
                />,
                <div
                  className="toggle-button-line"
                />,
                <div
                  className="toggle-button-line"
                />,
              ],
              "className": "navbar-toggler",
              "data-target": "#navbarNavAltMarkup",
              "data-toggle": "collapse",
              "type": "button",
            },
            "ref": null,
            "rendered": Array [
              Object {
                "instance": null,
                "key": undefined,
                "nodeType": "host",
                "props": Object {
                  "className": "toggle-button-line",
                },
                "ref": null,
                "rendered": null,
                "type": "div",
              },
              Object {
                "instance": null,
                "key": undefined,
                "nodeType": "host",
                "props": Object {
                  "className": "toggle-button-line",
                },
                "ref": null,
                "rendered": null,
                "type": "div",
              },
              Object {
                "instance": null,
                "key": undefined,
                "nodeType": "host",
                "props": Object {
                  "className": "toggle-button-line",
                },
                "ref": null,
                "rendered": null,
                "type": "div",
              },
            ],
            "type": "button",
          },
          Object {
            "instance": null,
            "key": undefined,
            "nodeType": "host",
            "props": Object {
              "children": <div
                className="navbar-nav nav-buttons"
              >
                <Link
                  activeClass="active"
                  className="button-primary"
                  duration={800}
                  offset={0}
                  smooth={true}
                  spy={true}
                  to="newsletter"
                >
                  Newsletter
                </Link>
                <Link
                  activeClass="active"
                  className="button-primary"
                  duration={800}
                  offset={0}
                  smooth={true}
                  spy={true}
                  to="data"
                >
                  Data
                </Link>
              </div>,
              "className": "collapse navbar-collapse",
              "id": "navbarNavAltMarkup",
            },
            "ref": null,
            "rendered": Object {
              "instance": null,
              "key": undefined,
              "nodeType": "host",
              "props": Object {
                "children": Array [
                  <Link
                    activeClass="active"
                    className="button-primary"
                    duration={800}
                    offset={0}
                    smooth={true}
                    spy={true}
                    to="newsletter"
                  >
                    Newsletter
                  </Link>,
                  <Link
                    activeClass="active"
                    className="button-primary"
                    duration={800}
                    offset={0}
                    smooth={true}
                    spy={true}
                    to="data"
                  >
                    Data
                  </Link>,
                ],
                "className": "navbar-nav nav-buttons",
              },
              "ref": null,
              "rendered": Array [
                Object {
                  "instance": null,
                  "key": undefined,
                  "nodeType": "class",
                  "props": Object {
                    "activeClass": "active",
                    "children": "Newsletter",
                    "className": "button-primary",
                    "duration": 800,
                    "offset": 0,
                    "smooth": true,
                    "spy": true,
                    "to": "newsletter",
                  },
                  "ref": null,
                  "rendered": "Newsletter",
                  "type": [Function],
                },
                Object {
                  "instance": null,
                  "key": undefined,
                  "nodeType": "class",
                  "props": Object {
                    "activeClass": "active",
                    "children": "Data",
                    "className": "button-primary",
                    "duration": 800,
                    "offset": 0,
                    "smooth": true,
                    "spy": true,
                    "to": "data",
                  },
                  "ref": null,
                  "rendered": "Data",
                  "type": [Function],
                },
              ],
              "type": "div",
            },
            "type": "div",
          },
        ],
        "type": "nav",
      },
      "type": "section",
    },
  ],
  Symbol(enzyme.__options__): Object {
    "adapter": ReactSixteenAdapter {
      "options": Object {
        "enableComponentDidUpdateOnSetState": true,
        "lifecycles": Object {
          "componentDidUpdate": Object {
            "onSetState": true,
          },
          "getDerivedStateFromProps": true,
          "getSnapshotBeforeUpdate": true,
          "setState": Object {
            "skipsComponentDidUpdateOnNullish": true,
          },
        },
      },
    },
  },
}
`;
